============================= test session starts =============================
platform win32 -- Python 3.13.7, pytest-7.4.3, pluggy-1.6.0 -- C:\Python313\python.exe
cachedir: .pytest_cache
benchmark: 5.1.0 (defaults: timer=time.perf_counter disable_gc=False min_rounds=5 min_time=0.000005 max_time=1.0 calibration_precision=10 warmup=False warmup_iterations=100000)
PySide6 6.9.1 -- Qt runtime 6.9.1 -- Qt compiled 6.9.1
rootdir: C:\Users\Admin\AI_Synthesizer
configfile: pyproject.toml
plugins: anyio-4.12.0, Faker-20.1.0, langsmith-0.4.16, asyncio-0.21.1, base-url-2.1.0, benchmark-5.1.0, cov-6.2.1, mock-3.14.1, playwright-0.7.2, qt-4.5.0, timeout-2.4.0, xdist-3.8.0, typeguard-2.13.3
asyncio: mode=Mode.AUTO
collecting ... collected 9 items

tests/integration/test_mcp_server.py::TestMCPServerStartup::test_server_imports SKIPPED [ 11%]
tests/integration/test_mcp_server.py::TestMCPServerStartup::test_tools_registered SKIPPED [ 22%]
tests/integration/test_mcp_server.py::TestMCPToolSchemas::test_search_repositories_schema SKIPPED [ 33%]
tests/integration/test_mcp_server.py::TestMCPToolSchemas::test_analyze_repository_schema SKIPPED [ 44%]
tests/integration/test_mcp_server.py::TestMCPToolSchemas::test_synthesize_project_schema SKIPPED [ 55%]
tests/integration/test_mcp_server.py::TestMCPToolExecution::test_search_returns_dict SKIPPED [ 66%]
tests/integration/test_mcp_server.py::TestMCPToolExecution::test_get_platforms_tool SKIPPED [ 77%]
tests/integration/test_mcp_server.py::TestMCPErrorHandling::test_invalid_repo_url SKIPPED [ 88%]
tests/integration/test_mcp_server.py::TestMCPErrorHandling::test_empty_search_query SKIPPED [100%]

=========================== short test summary info ===========================
SKIPPED [1] tests\integration\test_mcp_server.py:24: GITHUB_TOKEN not set
SKIPPED [1] tests\integration\test_mcp_server.py:35: GITHUB_TOKEN not set
SKIPPED [1] tests\integration\test_mcp_server.py:64: GITHUB_TOKEN not set
SKIPPED [1] tests\integration\test_mcp_server.py:77: GITHUB_TOKEN not set
SKIPPED [1] tests\integration\test_mcp_server.py:87: GITHUB_TOKEN not set
SKIPPED [1] tests\integration\test_mcp_server.py:102: GITHUB_TOKEN not set
SKIPPED [1] tests\integration\test_mcp_server.py:117: GITHUB_TOKEN not set
SKIPPED [1] tests\integration\test_mcp_server.py:132: GITHUB_TOKEN not set
SKIPPED [1] tests\integration\test_mcp_server.py:144: GITHUB_TOKEN not set
============================= 9 skipped in 0.04s ==============================
